// Jest Snapshot v1, https://goo.gl/fbAQLP

exports[`Cart component matches snapshot if cart is not empty 1`] = `
<div>
  <div
    class="flexbox flex-justify-center full-height p-8"
  >
    <section
      id="cart"
    >
      <section
        class="flexbox flex-column flex-align-center gap-8"
        id="cart-items-wrapper"
      >
        <h2>
          Cart items
        </h2>
        <div
          class="cart-items flexbox flex-center flex-wrap gap-12"
        >
          <div
            class="cart-item card"
          >
            <div
              class="flexbox flex-column flex-center"
            >
              <p
                style="font-size: 4rem;"
              >
                ðŸ˜€
              </p>
              <div
                class="product-counter flexbox flex-align-center ml-auto gap-10"
              >
                <button
                  aria-label="Increment"
                >
                  <svg
                    aria-hidden="true"
                    class="svg-inline--fa fa-chevron-up "
                    data-icon="chevron-up"
                    data-prefix="fas"
                    focusable="false"
                    role="img"
                    viewBox="0 0 448 512"
                    xmlns="http://www.w3.org/2000/svg"
                  >
                    <path
                      d="M201.4 105.4c12.5-12.5 32.8-12.5 45.3 0l192 192c12.5 12.5 12.5 32.8 0 45.3s-32.8 12.5-45.3 0L224 173.3 54.6 342.6c-12.5 12.5-32.8 12.5-45.3 0s-12.5-32.8 0-45.3l192-192z"
                      fill="currentColor"
                    />
                  </svg>
                </button>
                <p>
                  2
                </p>
                <button
                  aria-label="Decrement"
                >
                  <svg
                    aria-hidden="true"
                    class="svg-inline--fa fa-chevron-down "
                    data-icon="chevron-down"
                    data-prefix="fas"
                    focusable="false"
                    role="img"
                    viewBox="0 0 448 512"
                    xmlns="http://www.w3.org/2000/svg"
                  >
                    <path
                      d="M201.4 406.6c12.5 12.5 32.8 12.5 45.3 0l192-192c12.5-12.5 12.5-32.8 0-45.3s-32.8-12.5-45.3 0L224 338.7 54.6 169.4c-12.5-12.5-32.8-12.5-45.3 0s-12.5 32.8 0 45.3l192 192z"
                      fill="currentColor"
                    />
                  </svg>
                </button>
              </div>
            </div>
          </div>
        </div>
      </section>
      <section
        class="flexbox flex-column flex-align-center gap-8"
        id="cart-summary-wrapper"
      >
        <h2>
          Summary
        </h2>
        <div
          class="cart-summary full-width"
        >
          <table
            class="cart-summary-table"
          >
            <thead>
              <tr>
                <th>
                  Item
                </th>
                <th>
                  Quantity
                </th>
                <th>
                  Price ($)
                </th>
              </tr>
            </thead>
            <tbody>
              <tr>
                <td>
                  ðŸ˜€
                </td>
                <td>
                  2
                </td>
                <td>
                  1
                </td>
              </tr>
            </tbody>
          </table>
          <div
            class="flexbox flex-center gap-16 mt-12"
          >
            <h3>
              Total: $
            </h3>
            <div
              class="flexbox gap-4"
            >
              <button
                class="clear-cart-btn"
              >
                Clear Cart
              </button>
              <button
                class="checkout-btn"
              >
                Checkout
              </button>
            </div>
          </div>
        </div>
      </section>
    </section>
  </div>
</div>
`;
