// Jest Snapshot v1, https://goo.gl/fbAQLP

exports[`EmojiDetail component renders emoji, name, description and price 1`] = `
<div>
  <div
    class="flexbox flex-justify-center full-height p-8"
  >
    <div
      class="emoji-detail card flexbox flex-column flex-center"
    >
      <p
        style="font-size: 5rem;"
      >
        ðŸ˜€
      </p>
      <div
        class="flexbox flex-align-center full-width"
      >
        <h2>
          Grinning Face
        </h2>
        <h3
          class="ml-auto"
          style="color: green;"
        >
          $
          7
        </h3>
      </div>
      <p
        style="text-align: justify;"
      >
        A yellow face with simple, open eyes and a broad, open smile, showing upper teeth and tongue on some platforms. Often conveys general pleasure and good cheer or humor.
      </p>
      <div
        class="add-to-cart-container flexbox full-width mt-12"
      >
        <button
          class="add-to-cart"
        >
          <svg
            aria-hidden="true"
            class="svg-inline--fa fa-cart-shopping "
            data-icon="cart-shopping"
            data-prefix="fas"
            focusable="false"
            role="img"
            viewBox="0 0 576 512"
            xmlns="http://www.w3.org/2000/svg"
          >
            <path
              d="M0 24C0 10.7 10.7 0 24 0H69.5c22 0 41.5 12.8 50.6 32h411c26.3 0 45.5 25 38.6 50.4l-41 152.3c-8.5 31.4-37 53.3-69.5 53.3H170.7l5.4 28.5c2.2 11.3 12.1 19.5 23.6 19.5H488c13.3 0 24 10.7 24 24s-10.7 24-24 24H199.7c-34.6 0-64.3-24.6-70.7-58.5L77.4 54.5c-.7-3.8-4-6.5-7.9-6.5H24C10.7 48 0 37.3 0 24zM128 464a48 48 0 1 1 96 0 48 48 0 1 1 -96 0zm336-48a48 48 0 1 1 0 96 48 48 0 1 1 0-96z"
              fill="currentColor"
            />
          </svg>
           Add to cart
        </button>
        <div
          class="product-counter flexbox flex-align-center ml-auto gap-10"
        >
          <button
            aria-label="Increment"
          >
            <svg
              aria-hidden="true"
              class="svg-inline--fa fa-chevron-up "
              data-icon="chevron-up"
              data-prefix="fas"
              focusable="false"
              role="img"
              viewBox="0 0 448 512"
              xmlns="http://www.w3.org/2000/svg"
            >
              <path
                d="M201.4 105.4c12.5-12.5 32.8-12.5 45.3 0l192 192c12.5 12.5 12.5 32.8 0 45.3s-32.8 12.5-45.3 0L224 173.3 54.6 342.6c-12.5 12.5-32.8 12.5-45.3 0s-12.5-32.8 0-45.3l192-192z"
                fill="currentColor"
              />
            </svg>
          </button>
          <p />
          <button
            aria-label="Decrement"
          >
            <svg
              aria-hidden="true"
              class="svg-inline--fa fa-chevron-down "
              data-icon="chevron-down"
              data-prefix="fas"
              focusable="false"
              role="img"
              viewBox="0 0 448 512"
              xmlns="http://www.w3.org/2000/svg"
            >
              <path
                d="M201.4 406.6c12.5 12.5 32.8 12.5 45.3 0l192-192c12.5-12.5 12.5-32.8 0-45.3s-32.8-12.5-45.3 0L224 338.7 54.6 169.4c-12.5-12.5-32.8-12.5-45.3 0s-12.5 32.8 0 45.3l192 192z"
                fill="currentColor"
              />
            </svg>
          </button>
        </div>
      </div>
    </div>
  </div>
</div>
`;
