// Jest Snapshot v1, https://goo.gl/fbAQLP

exports[`Shop component renders 10 emoji cards 1`] = `
<div>
  <section
    id="shop"
  >
    <div
      id="emoji-list"
    >
      <a
        class="emoji-card flexbox flex-center"
        href="/emoji/ðŸ˜€"
      >
        <h3>
          ðŸ˜€
        </h3>
      </a>
      <a
        class="emoji-card flexbox flex-center"
        href="/emoji/ðŸ˜‚"
      >
        <h3>
          ðŸ˜‚
        </h3>
      </a>
      <a
        class="emoji-card flexbox flex-center"
        href="/emoji/ðŸ™‚"
      >
        <h3>
          ðŸ™‚
        </h3>
      </a>
      <a
        class="emoji-card flexbox flex-center"
        href="/emoji/ðŸ™ƒ"
      >
        <h3>
          ðŸ™ƒ
        </h3>
      </a>
      <a
        class="emoji-card flexbox flex-center"
        href="/emoji/ðŸ« "
      >
        <h3>
          ðŸ« 
        </h3>
      </a>
      <a
        class="emoji-card flexbox flex-center"
        href="/emoji/ðŸ˜‰"
      >
        <h3>
          ðŸ˜‰
        </h3>
      </a>
      <a
        class="emoji-card flexbox flex-center"
        href="/emoji/ðŸ¥°"
      >
        <h3>
          ðŸ¥°
        </h3>
      </a>
      <a
        class="emoji-card flexbox flex-center"
        href="/emoji/ðŸ˜¢"
      >
        <h3>
          ðŸ˜¢
        </h3>
      </a>
      <a
        class="emoji-card flexbox flex-center"
        href="/emoji/ðŸ˜ "
      >
        <h3>
          ðŸ˜ 
        </h3>
      </a>
      <a
        class="emoji-card flexbox flex-center"
        href="/emoji/ðŸ˜ˆ"
      >
        <h3>
          ðŸ˜ˆ
        </h3>
      </a>
    </div>
  </section>
</div>
`;
